317080
313112
309889
312366
311464
286186
186656
67906
17627
4341
1011
301
96
17
2
0
