425957
425957
425957
425957
425957
425957
425957
425957
425957
425957
0
