16
316
4081
32858
136151
224238
168767
62907
16324
4000
894
276
92
16
2
0
